
> starter_helpi@0.1.0 test
> react-scripts test --coverage

FAIL src/App.test.tsx
  ● Test suite failed to run

    Cannot find module 'react-router-dom' from 'src/App.tsx'

    Require stack:
      src/App.tsx
      src/App.test.tsx

      1 | //import React from 'react';
    > 2 | import { HashRouter as Router, Routes, Route } from 'react-router-dom';
        | ^
      3 | //import logo from './logo.svg';
      4 | import './App.css';
      5 | //import { Form, Button } from 'react-bootstrap';

      at Resolver.resolveModule (node_modules/jest-resolve/build/resolver.js:324:11)
      at Object.<anonymous> (src/App.tsx:2:1)
      at Object.<anonymous> (src/App.test.tsx:3:1)
      at TestScheduler.scheduleTests (node_modules/@jest/core/build/TestScheduler.js:333:13)
      at runJest (node_modules/@jest/core/build/runJest.js:404:19)
      at _run10000 (node_modules/@jest/core/build/cli/index.js:320:7)
      at runCLI (node_modules/@jest/core/build/cli/index.js:173:3)

-------------------------|---------|----------|---------|---------|-------------------
File                     | % Stmts | % Branch | % Funcs | % Lines | Uncovered Line #s 
-------------------------|---------|----------|---------|---------|-------------------
All files                |       0 |        0 |       0 |       0 |                   
 src                     |       0 |        0 |       0 |       0 |                   
  App.tsx                |       0 |      100 |       0 |       0 | 14                
  index.tsx              |       0 |      100 |     100 |       0 | 7-19              
  reportWebVitals.ts     |       0 |        0 |       0 |       0 | 3-10              
 src/Components          |       0 |      100 |       0 |       0 |                   
  BasicAssessment.tsx    |       0 |      100 |       0 |       0 | 7-85              
  DetailedAssessment.tsx |       0 |      100 |       0 |       0 | 8-79              
  Navbar.tsx             |       0 |      100 |       0 |       0 | 5-6               
  ProgressBar.tsx        |       0 |      100 |       0 |       0 | 8-9               
 src/Pages               |       0 |        0 |       0 |       0 |                   
  Homepage.tsx           |       0 |        0 |       0 |       0 | 8-121             
-------------------------|---------|----------|---------|---------|-------------------
Test Suites: 1 failed, 1 total
Tests:       0 total
Snapshots:   0 total
Time:        2.448 s
Ran all test suites.
